var theSimpsonsCat = new Cat { Name = "Santas little helper" };
theSimpsonsCat.Name.ShouldNotBe("Santas little helper");
