date
    should be within
01:00:00
    of
1/06/2000 1:00:01 AM
    but was
1/06/2000 12:00:00 AM