var theSimpsonsCat = new Cat { Name = "Santas little helper" };
theSimpsonsCat.Name.ShouldBe("Snowball 2");
