Task `doSomething()`
    should throw
System.DivideByZeroException
    but did not