```
websters
    should not contain key
"Chazzwazzers"
    but does
```
