```
websters
    should contain key
"Cromulent"
    with value
"Fine, acceptable."
    but value was
"I never heard the word before moving to Springfield."
```
