```
simpsonsKids
    should be subset of
[Lisa, Bart, Maggie, Homer, Marge]
    but
[Ralph]
    is outside subset
```
