```
millionaires
    should contain
Mr.Burns
    but was actually
[Kent Brockman, Homer]
```
