millionaires
    should not contain an element satisfying the condition
(m.Salary < 1000000)
    but does