```
simpsonsKids
    should be unique but
[Maggie]
    was duplicated
```
