```
simpsonsBabies
    should have single item but had
2
    items and was
[Homer, Maggie]
```
