```
powerPlantOnTheWeekend
    should be empty but had
1
    item and was
[Homer]
```
