```
mrBurns.Salary
    should not be in range
{ from = 30000, to = 40000 }
    but was
30000
```
