var simpsonsQuote = "Hi Super Nintendo Chalmers";
simpsonsQuote.ShouldMatchApproved(c => c.NoDiff());