var theSimpsonsDog = new Cat { Name = "Santas little helper" };
theSimpsonsDog.ShouldBeOfType<Dog>();