```
timeSpan
    should be within
01:00:00
    of
02:06:00
    but was
01:00:00
```
