```
principleSkinner
    should be same as
Seymour Skinner
    but was
Armin Tamzarian
```
