```
myValue
    should be
True
    but was
False

Additional Info:
    Some additional context
```
