string name = null;
Should.NotThrow(() => new Person(name));
