```

Delegate
    should complete in
00:00:01
    but did not

Additional Info:
    Some additional context
```
