```
myRef.ShouldNotBeNull().Length
    should be
5
    but was
4
```
