`new Person("Homer")`
    should throw
System.ArgumentNullException
    but did not