Should.CompleteIn(() => Thread.Sleep(TimeSpan.FromSeconds(2)), TimeSpan.FromSeconds(1), "Some additional context");