```
myValue
    should be
False
    but was
True
```
