```
person
    should not be same as
Armin Tamzarian
    but was
Armin Tamzarian
```
