```
theBeSharps
    should be
[Apu, Homer, Skinner, Barney]
    but was
[Homer, Skinner, Barney]
    difference
[*Homer*, *Skinner*, *Barney*, *]
```
