```
firstSet
    should be within
0.1m
    of
[1.4301m, 2.34m, 3.45m]
    but was
[1.23m, 2.34m, 3.45001m]
    difference
[*1.23m*, 2.34m, *3.45001m*]
```
