```
To approve the changes run this command:
copy /Y "C:\PathToCode\shouldly\src\DocumentationExamples\ShouldMatchApprovedExamples.ApprovedFileDoesNotExist.received.txt" "C:\PathToCode\shouldly\src\DocumentationExamples\ShouldMatchApprovedExamples.ApprovedFileDoesNotExist.approved.txt"
----------------------------

Approval file C:\PathToCode\shouldly\src\DocumentationExamples\ShouldMatchApprovedExamples.ApprovedFileDoesNotExist.approved.txt
    does not exist
```
