```
target
    should not end with
"Simpson"
    but was
"Homer Simpson"
```
