```
target
    should not start with
"Homer"
    but was
"Homer Simpson"
```
