```
target
    should start with
"Bart"
    but was
"Homer"
```
