```
target
    should be null but was
"Homer"
```
