```
target
    should be empty but was
"Homer"
```
