```
target
    should end with
"Bart"
    but was
"Homer"
```
