```
target
    should contain without whitespace
" Bart Simpson "
    but was actually
"Homer Simpson"
```
